6
6
6
5
6
6
7
7
8
8
8
9
10
10
14
14
13
13
13
13
13
13
13
13
13
12
12
14
15
16
16
16
17
19
18
19
19
21
20
22
20
20
21
26
26
27
28
30
30
31
30
31
32
32
32
32
34
33
33
34
35
35
35
35
35
36
36
36
36
36
36
36
38
39
40
41
41
41
41
41
43
43
44
44
44
44
45
46
46
46
47
47
47
47
48
48
48
49
50
50
49
48
50
50
50
49
49
49
49
48
49
49
49
49
49
49
50
50
50
50
48
46
47
47
47
47
48
48
49
48
48
47
47
48
49
48
47
47
47
47
47
48
48
50
52
52
53
54
54
54
54
55
56
55
56
58
59
60
60
60
60
60
63
64
64
63
63
63
62
62
62
61
61
62
62
63
63
63
63
63
63
63
64
64
63
68
67
67
69
69
69
69
69
68
69
68
68
66
67
67
66
68
68
69
67
68
68
68
68
68
68
67
67
67
67
68
68
68
69
69
71
72
72
72
72
72
72
72
72
73
73
73
75
77
77
76
76
77
77
79
79
79
80
80
79
